WARNING:root:this is my warning
ERROR:root:this is my error log
WARNING:root:this is my warning
ERROR:root:this is my error log
WARNING:root:this is my warning
ERROR:root:this is my error log
WARNING:root:this is my warning
ERROR:root:this is my error log
INFO:root:this is my info log
WARNING:root:this is my warning
ERROR:root:this is my error log
